
SE CREA LOS ARCHIVOS ALUMNO1,2,3.py y README.MD

johan@LAPTOP-CT8T34L2 MINGW64 ~/21 Intersemestral/SegundoRepo (master)
$ touch alumno1.py alumno2.py alumno3.py readme.md

CON ESTE COMANDO SE REVISA EL ESTADO DE LOS ARCHIVOS .py

johan@LAPTOP-CT8T34L2 MINGW64 ~/21 Intersemestral/SegundoRepo (master)
$ git status *.py
On branch master

No commits yet

Untracked files:
  (use "git add <file>..." to include in what will be committed)
        alumno1.py
        alumno2.py
        alumno3.py

nothing added to commit but untracked files present (use "git add" to track)

CON ESTE COMANDO SE AGREGAN EN SEGUIMIENTO LOS ARCHIVOS 
johan@LAPTOP-CT8T34L2 MINGW64 ~/21 Intersemestral/SegundoRepo (master)
$ git add *.py

johan@LAPTOP-CT8T34L2 MINGW64 ~/21 Intersemestral/SegundoRepo (master)
$ git add readme.md

CON ESTE COMANDO SE HACE COMMIT AGREGANDO LOS ARCHIVOS

johan@LAPTOP-CT8T34L2 MINGW64 ~/21 Intersemestral/SegundoRepo (master)
$ git commit -m "add alumno 1,2,3"
[master (root-commit) 6dc3775] add alumno 1,2,3
 4 files changed, 0 insertions(+), 0 deletions(-)
 create mode 100644 alumno1.py
 create mode 100644 alumno2.py
 create mode 100644 alumno3.py
 create mode 100644 readme.md

johan@LAPTOP-CT8T34L2 MINGW64 ~/21 Intersemestral/SegundoRepo (master)
$ git add readme.md

SE HACEN CAMBIOS AGREGAN PRINT SALUDO Y AL INTENTAR HACER UN COMMIT SE NOS INFORMA QUE NO SE AGREGARON EN SEGUIMIENTO LOS ARCHIVOS ALUMNO1,2,3.py

johan@LAPTOP-CT8T34L2 MINGW64 ~/21 Intersemestral/SegundoRepo (master)
$ git commit -m "add saludo"
On branch master
Your branch is based on 'origin/master', but the upstream is gone.
  (use "git branch --unset-upstream" to fixup)

Changes not staged for commit:
  (use "git add <file>..." to update what will be committed)
  (use "git restore <file>..." to discard changes in working directory)
        modified:   alumno1.py
        modified:   alumno2.py
        modified:   alumno3.py

no changes added to commit (use "git add" and/or "git commit -a")

AQUI AGREGAMOS EN SEGUIMIENTO

johan@LAPTOP-CT8T34L2 MINGW64 ~/21 Intersemestral/SegundoRepo (master)
$ git add *.py

johan@LAPTOP-CT8T34L2 MINGW64 ~/21 Intersemestral/SegundoRepo (master)
$ git commit -m "saludo"
[master dad1f1d] saludo
 3 files changed, 3 insertions(+)

johan@LAPTOP-CT8T34L2 MINGW64 ~/21 Intersemestral/SegundoRepo (master)
$ git add alumno3.py

CON ESTE COMANDO SE ELIMINA EL ARCHIVO ALUMNO3.py

johan@LAPTOP-CT8T34L2 MINGW64 ~/21 Intersemestral/SegundoRepo (master)
$ git rm --cached alumno3.py
rm 'alumno3.py'

johan@LAPTOP-CT8T34L2 MINGW64 ~/21 Intersemestral/SegundoRepo (master)
$ git status
On branch master
Your branch is based on 'origin/master', but the upstream is gone.
  (use "git branch --unset-upstream" to fixup)

Changes to be committed:
  (use "git restore --staged <file>..." to unstage)
        deleted:    alumno3.py

Untracked files:
  (use "git add <file>..." to include in what will be committed)
        alumno3.py

AQUI SE NOS INFORMA QUE FUE BORRADO EL ARCHIVO

johan@LAPTOP-CT8T34L2 MINGW64 ~/21 Intersemestral/SegundoRepo (master)
$ git checkout
D       alumno3.py
Your branch is based on 'origin/master', but the upstream is gone.
  (use "git branch --unset-upstream" to fixup)

El cual después fue restaurado utilizando los siguientes comandos

git restore --staged alumno3.py
git add alumno3.py
git commit -m "se agrego alumno3.py"
git push
